<!doctype html public "-//w3c//dtd html 4.0 transitional//en">
<html><head>
<title>Static Call Graph - [.\Objects\lks07x_Project.axf]</title></head>
<body><HR>
<H1>Static Call Graph for image .\Objects\lks07x_Project.axf</H1><HR>
<BR><P>#&#060CALLGRAPH&#062# ARM Linker, 5060960: Last Updated: Tue Oct 07 23:38:33 2025
<BR><P>
<H3>Maximum Stack Usage =         20 bytes + Unknown(Cycles, Untraceable Function Pointers)</H3><H3>
Call chain for Maximum Stack Depth:</H3>
SystemInit &rArr; Clock_Init &rArr; SoftDelay
<P>
<H3>
Mutually Recursive functions
</H3> <LI><a href="#[1]">NMI_Handler</a>&nbsp;&nbsp;&nbsp;&rArr;&nbsp;&nbsp;&nbsp;<a href="#[1]">NMI_Handler</a><BR>
 <LI><a href="#[3]">SVC_Handler</a>&nbsp;&nbsp;&nbsp;&rArr;&nbsp;&nbsp;&nbsp;<a href="#[3]">SVC_Handler</a><BR>
 <LI><a href="#[4]">PendSV_Handler</a>&nbsp;&nbsp;&nbsp;&rArr;&nbsp;&nbsp;&nbsp;<a href="#[4]">PendSV_Handler</a><BR>
 <LI><a href="#[19]">CAN0_IRQHandler</a>&nbsp;&nbsp;&nbsp;&rArr;&nbsp;&nbsp;&nbsp;<a href="#[19]">CAN0_IRQHandler</a><BR>
</UL>
<P>
<H3>
Function Pointers
</H3><UL>
 <LI><a href="#[14]">ADC0_IRQHandler</a> from interrupt.o(i.ADC0_IRQHandler) referenced from startup_lks32mc07x.o(RESET)
 <LI><a href="#[15]">ADC1_IRQHandler</a> from interrupt.o(i.ADC1_IRQHandler) referenced from startup_lks32mc07x.o(RESET)
 <LI><a href="#[19]">CAN0_IRQHandler</a> from startup_lks32mc07x.o(.text) referenced from startup_lks32mc07x.o(RESET)
 <LI><a href="#[1e]">CL0_IRQHandler</a> from interrupt.o(i.CL0_IRQHandler) referenced from startup_lks32mc07x.o(RESET)
 <LI><a href="#[13]">CMP_IRQHandler</a> from interrupt.o(i.CMP_IRQHandler) referenced from startup_lks32mc07x.o(RESET)
 <LI><a href="#[18]">DMA0_IRQHandler</a> from startup_lks32mc07x.o(.text) referenced from startup_lks32mc07x.o(RESET)
 <LI><a href="#[12]">DSP0_IRQHandler</a> from interrupt.o(i.DSP0_IRQHandler) referenced from startup_lks32mc07x.o(RESET)
 <LI><a href="#[e]">GPIO_IRQHandler</a> from startup_lks32mc07x.o(.text) referenced from startup_lks32mc07x.o(RESET)
 <LI><a href="#[f]">HALL0_IRQHandler</a> from interrupt.o(i.HALL0_IRQHandler) referenced from startup_lks32mc07x.o(RESET)
 <LI><a href="#[2]">HardFault_Handler</a> from interrupt.o(i.HardFault_Handler) referenced from startup_lks32mc07x.o(RESET)
 <LI><a href="#[c]">I2C0_IRQHandler</a> from startup_lks32mc07x.o(.text) referenced from startup_lks32mc07x.o(RESET)
 <LI><a href="#[16]">MCPWM0_IRQHandler</a> from interrupt.o(i.MCPWM0_IRQHandler) referenced from startup_lks32mc07x.o(RESET)
 <LI><a href="#[17]">MCPWM1_IRQHandler</a> from startup_lks32mc07x.o(.text) referenced from startup_lks32mc07x.o(RESET)
 <LI><a href="#[1]">NMI_Handler</a> from startup_lks32mc07x.o(.text) referenced from startup_lks32mc07x.o(RESET)
 <LI><a href="#[1d]">PWRDN_IRQHandler</a> from interrupt.o(i.PWRDN_IRQHandler) referenced from startup_lks32mc07x.o(RESET)
 <LI><a href="#[4]">PendSV_Handler</a> from startup_lks32mc07x.o(.text) referenced from startup_lks32mc07x.o(RESET)
 <LI><a href="#[a]">QEP0_IRQHandler</a> from startup_lks32mc07x.o(.text) referenced from startup_lks32mc07x.o(RESET)
 <LI><a href="#[b]">QEP1_IRQHandler</a> from startup_lks32mc07x.o(.text) referenced from startup_lks32mc07x.o(RESET)
 <LI><a href="#[0]">Reset_Handler</a> from startup_lks32mc07x.o(.text) referenced from startup_lks32mc07x.o(RESET)
 <LI><a href="#[1a]">SIF0_IRQHandler</a> from interrupt.o(i.SIF0_IRQHandler) referenced from startup_lks32mc07x.o(RESET)
 <LI><a href="#[d]">SPI0_IRQHandler</a> from interrupt.o(i.SPI0_IRQHandler) referenced from startup_lks32mc07x.o(RESET)
 <LI><a href="#[3]">SVC_Handler</a> from startup_lks32mc07x.o(.text) referenced from startup_lks32mc07x.o(RESET)
 <LI><a href="#[1c]">SW_IRQHandler</a> from interrupt.o(i.SW_IRQHandler) referenced from startup_lks32mc07x.o(RESET)
 <LI><a href="#[5]">SysTick_Handler</a> from interrupt.o(i.SysTick_Handler) referenced from startup_lks32mc07x.o(RESET)
 <LI><a href="#[20]">SystemInit</a> from hardware_init.o(i.SystemInit) referenced from startup_lks32mc07x.o(.text)
 <LI><a href="#[6]">TIMER0_IRQHandler</a> from interrupt.o(i.TIMER0_IRQHandler) referenced from startup_lks32mc07x.o(RESET)
 <LI><a href="#[7]">TIMER1_IRQHandler</a> from interrupt.o(i.TIMER1_IRQHandler) referenced from startup_lks32mc07x.o(RESET)
 <LI><a href="#[8]">TIMER2_IRQHandler</a> from interrupt.o(i.TIMER2_IRQHandler) referenced from startup_lks32mc07x.o(RESET)
 <LI><a href="#[9]">TIMER3_IRQHandler</a> from interrupt.o(i.TIMER3_IRQHandler) referenced from startup_lks32mc07x.o(RESET)
 <LI><a href="#[10]">UART0_IRQHandler</a> from interrupt.o(i.UART0_IRQHandler) referenced from startup_lks32mc07x.o(RESET)
 <LI><a href="#[11]">UART1_IRQHandler</a> from interrupt.o(i.UART1_IRQHandler) referenced from startup_lks32mc07x.o(RESET)
 <LI><a href="#[1b]">WAKE_IRQHandler</a> from interrupt.o(i.WAKE_IRQHandler) referenced from startup_lks32mc07x.o(RESET)
 <LI><a href="#[21]">__main</a> from entry.o(.ARM.Collect$$$$00000000) referenced from startup_lks32mc07x.o(.text)
 <LI><a href="#[1f]">main</a> from main.o(i.main) referenced from entry9a.o(.ARM.Collect$$$$0000000B)
</UL>
<P>
<H3>
Global Symbols
</H3>
<P><STRONG><a name="[21]"></a>__main</STRONG> (Thumb, 0 bytes, Stack size unknown bytes, entry.o(.ARM.Collect$$$$00000000))
<BR>[Address Reference Count : 1]<UL><LI> startup_lks32mc07x.o(.text)
</UL>
<P><STRONG><a name="[29]"></a>_main_stk</STRONG> (Thumb, 0 bytes, Stack size unknown bytes, entry2.o(.ARM.Collect$$$$00000001))

<P><STRONG><a name="[22]"></a>_main_scatterload</STRONG> (Thumb, 0 bytes, Stack size unknown bytes, entry5.o(.ARM.Collect$$$$00000004))
<BR><BR>[Calls]<UL><LI><a href="#[23]">&gt;&gt;</a>&nbsp;&nbsp;&nbsp;__scatterload
</UL>

<P><STRONG><a name="[26]"></a>__main_after_scatterload</STRONG> (Thumb, 0 bytes, Stack size unknown bytes, entry5.o(.ARM.Collect$$$$00000004))
<BR><BR>[Called By]<UL><LI><a href="#[23]">&gt;&gt;</a>&nbsp;&nbsp;&nbsp;__scatterload
</UL>

<P><STRONG><a name="[2a]"></a>_main_clock</STRONG> (Thumb, 0 bytes, Stack size unknown bytes, entry7b.o(.ARM.Collect$$$$00000008))

<P><STRONG><a name="[2b]"></a>_main_cpp_init</STRONG> (Thumb, 0 bytes, Stack size unknown bytes, entry8b.o(.ARM.Collect$$$$0000000A))

<P><STRONG><a name="[2c]"></a>_main_init</STRONG> (Thumb, 0 bytes, Stack size unknown bytes, entry9a.o(.ARM.Collect$$$$0000000B))

<P><STRONG><a name="[24]"></a>__rt_lib_shutdown_fini</STRONG> (Thumb, 0 bytes, Stack size unknown bytes, entry12b.o(.ARM.Collect$$$$0000000E))
<BR><BR>[Calls]<UL><LI><a href="#[25]">&gt;&gt;</a>&nbsp;&nbsp;&nbsp;__arm_fini_ (Weak Reference)
</UL>

<P><STRONG><a name="[2d]"></a>__rt_final_cpp</STRONG> (Thumb, 0 bytes, Stack size unknown bytes, entry10a.o(.ARM.Collect$$$$0000000F))

<P><STRONG><a name="[2e]"></a>__rt_final_exit</STRONG> (Thumb, 0 bytes, Stack size unknown bytes, entry11a.o(.ARM.Collect$$$$00000011))

<P><STRONG><a name="[0]"></a>Reset_Handler</STRONG> (Thumb, 14 bytes, Stack size 0 bytes, startup_lks32mc07x.o(.text))
<BR>[Address Reference Count : 1]<UL><LI> startup_lks32mc07x.o(RESET)
</UL>
<P><STRONG><a name="[1]"></a>NMI_Handler</STRONG> (Thumb, 2 bytes, Stack size 0 bytes, startup_lks32mc07x.o(.text))
<BR><BR>[Calls]<UL><LI><a href="#[1]">&gt;&gt;</a>&nbsp;&nbsp;&nbsp;NMI_Handler
</UL>
<BR>[Called By]<UL><LI><a href="#[1]">&gt;&gt;</a>&nbsp;&nbsp;&nbsp;NMI_Handler
</UL>
<BR>[Address Reference Count : 1]<UL><LI> startup_lks32mc07x.o(RESET)
</UL>
<P><STRONG><a name="[3]"></a>SVC_Handler</STRONG> (Thumb, 2 bytes, Stack size 0 bytes, startup_lks32mc07x.o(.text))
<BR><BR>[Calls]<UL><LI><a href="#[3]">&gt;&gt;</a>&nbsp;&nbsp;&nbsp;SVC_Handler
</UL>
<BR>[Called By]<UL><LI><a href="#[3]">&gt;&gt;</a>&nbsp;&nbsp;&nbsp;SVC_Handler
</UL>
<BR>[Address Reference Count : 1]<UL><LI> startup_lks32mc07x.o(RESET)
</UL>
<P><STRONG><a name="[4]"></a>PendSV_Handler</STRONG> (Thumb, 2 bytes, Stack size 0 bytes, startup_lks32mc07x.o(.text))
<BR><BR>[Calls]<UL><LI><a href="#[4]">&gt;&gt;</a>&nbsp;&nbsp;&nbsp;PendSV_Handler
</UL>
<BR>[Called By]<UL><LI><a href="#[4]">&gt;&gt;</a>&nbsp;&nbsp;&nbsp;PendSV_Handler
</UL>
<BR>[Address Reference Count : 1]<UL><LI> startup_lks32mc07x.o(RESET)
</UL>
<P><STRONG><a name="[19]"></a>CAN0_IRQHandler</STRONG> (Thumb, 0 bytes, Stack size 0 bytes, startup_lks32mc07x.o(.text))
<BR><BR>[Calls]<UL><LI><a href="#[19]">&gt;&gt;</a>&nbsp;&nbsp;&nbsp;CAN0_IRQHandler
</UL>
<BR>[Called By]<UL><LI><a href="#[19]">&gt;&gt;</a>&nbsp;&nbsp;&nbsp;CAN0_IRQHandler
</UL>
<BR>[Address Reference Count : 1]<UL><LI> startup_lks32mc07x.o(RESET)
</UL>
<P><STRONG><a name="[18]"></a>DMA0_IRQHandler</STRONG> (Thumb, 0 bytes, Stack size 0 bytes, startup_lks32mc07x.o(.text))
<BR>[Address Reference Count : 1]<UL><LI> startup_lks32mc07x.o(RESET)
</UL>
<P><STRONG><a name="[e]"></a>GPIO_IRQHandler</STRONG> (Thumb, 0 bytes, Stack size 0 bytes, startup_lks32mc07x.o(.text))
<BR>[Address Reference Count : 1]<UL><LI> startup_lks32mc07x.o(RESET)
</UL>
<P><STRONG><a name="[c]"></a>I2C0_IRQHandler</STRONG> (Thumb, 0 bytes, Stack size 0 bytes, startup_lks32mc07x.o(.text))
<BR>[Address Reference Count : 1]<UL><LI> startup_lks32mc07x.o(RESET)
</UL>
<P><STRONG><a name="[17]"></a>MCPWM1_IRQHandler</STRONG> (Thumb, 0 bytes, Stack size 0 bytes, startup_lks32mc07x.o(.text))
<BR>[Address Reference Count : 1]<UL><LI> startup_lks32mc07x.o(RESET)
</UL>
<P><STRONG><a name="[a]"></a>QEP0_IRQHandler</STRONG> (Thumb, 0 bytes, Stack size 0 bytes, startup_lks32mc07x.o(.text))
<BR>[Address Reference Count : 1]<UL><LI> startup_lks32mc07x.o(RESET)
</UL>
<P><STRONG><a name="[b]"></a>QEP1_IRQHandler</STRONG> (Thumb, 0 bytes, Stack size 0 bytes, startup_lks32mc07x.o(.text))
<BR>[Address Reference Count : 1]<UL><LI> startup_lks32mc07x.o(RESET)
</UL>
<P><STRONG><a name="[23]"></a>__scatterload</STRONG> (Thumb, 28 bytes, Stack size 0 bytes, init.o(.text))
<BR><BR>[Calls]<UL><LI><a href="#[26]">&gt;&gt;</a>&nbsp;&nbsp;&nbsp;__main_after_scatterload
</UL>
<BR>[Called By]<UL><LI><a href="#[22]">&gt;&gt;</a>&nbsp;&nbsp;&nbsp;_main_scatterload
</UL>

<P><STRONG><a name="[2f]"></a>__scatterload_rt2</STRONG> (Thumb, 0 bytes, Stack size 0 bytes, init.o(.text), UNUSED)

<P><STRONG><a name="[14]"></a>ADC0_IRQHandler</STRONG> (Thumb, 12 bytes, Stack size 0 bytes, interrupt.o(i.ADC0_IRQHandler))
<BR>[Address Reference Count : 1]<UL><LI> startup_lks32mc07x.o(RESET)
</UL>
<P><STRONG><a name="[15]"></a>ADC1_IRQHandler</STRONG> (Thumb, 12 bytes, Stack size 0 bytes, interrupt.o(i.ADC1_IRQHandler))
<BR>[Address Reference Count : 1]<UL><LI> startup_lks32mc07x.o(RESET)
</UL>
<P><STRONG><a name="[1e]"></a>CL0_IRQHandler</STRONG> (Thumb, 2 bytes, Stack size 0 bytes, interrupt.o(i.CL0_IRQHandler))
<BR>[Address Reference Count : 1]<UL><LI> startup_lks32mc07x.o(RESET)
</UL>
<P><STRONG><a name="[13]"></a>CMP_IRQHandler</STRONG> (Thumb, 2 bytes, Stack size 0 bytes, interrupt.o(i.CMP_IRQHandler))
<BR>[Address Reference Count : 1]<UL><LI> startup_lks32mc07x.o(RESET)
</UL>
<P><STRONG><a name="[27]"></a>Clock_Init</STRONG> (Thumb, 52 bytes, Stack size 8 bytes, hardware_init.o(i.Clock_Init))
<BR><BR>[Stack]<UL><LI>Max Depth = 16<LI>Call Chain = Clock_Init &rArr; SoftDelay
</UL>
<BR>[Calls]<UL><LI><a href="#[28]">&gt;&gt;</a>&nbsp;&nbsp;&nbsp;SoftDelay
</UL>
<BR>[Called By]<UL><LI><a href="#[20]">&gt;&gt;</a>&nbsp;&nbsp;&nbsp;SystemInit
</UL>

<P><STRONG><a name="[12]"></a>DSP0_IRQHandler</STRONG> (Thumb, 2 bytes, Stack size 0 bytes, interrupt.o(i.DSP0_IRQHandler))
<BR>[Address Reference Count : 1]<UL><LI> startup_lks32mc07x.o(RESET)
</UL>
<P><STRONG><a name="[f]"></a>HALL0_IRQHandler</STRONG> (Thumb, 2 bytes, Stack size 0 bytes, interrupt.o(i.HALL0_IRQHandler))
<BR>[Address Reference Count : 1]<UL><LI> startup_lks32mc07x.o(RESET)
</UL>
<P><STRONG><a name="[2]"></a>HardFault_Handler</STRONG> (Thumb, 2 bytes, Stack size 0 bytes, interrupt.o(i.HardFault_Handler))
<BR>[Address Reference Count : 1]<UL><LI> startup_lks32mc07x.o(RESET)
</UL>
<P><STRONG><a name="[16]"></a>MCPWM0_IRQHandler</STRONG> (Thumb, 16 bytes, Stack size 0 bytes, interrupt.o(i.MCPWM0_IRQHandler))
<BR>[Address Reference Count : 1]<UL><LI> startup_lks32mc07x.o(RESET)
</UL>
<P><STRONG><a name="[1d]"></a>PWRDN_IRQHandler</STRONG> (Thumb, 2 bytes, Stack size 0 bytes, interrupt.o(i.PWRDN_IRQHandler))
<BR>[Address Reference Count : 1]<UL><LI> startup_lks32mc07x.o(RESET)
</UL>
<P><STRONG><a name="[1a]"></a>SIF0_IRQHandler</STRONG> (Thumb, 2 bytes, Stack size 0 bytes, interrupt.o(i.SIF0_IRQHandler))
<BR>[Address Reference Count : 1]<UL><LI> startup_lks32mc07x.o(RESET)
</UL>
<P><STRONG><a name="[d]"></a>SPI0_IRQHandler</STRONG> (Thumb, 2 bytes, Stack size 0 bytes, interrupt.o(i.SPI0_IRQHandler))
<BR>[Address Reference Count : 1]<UL><LI> startup_lks32mc07x.o(RESET)
</UL>
<P><STRONG><a name="[1c]"></a>SW_IRQHandler</STRONG> (Thumb, 2 bytes, Stack size 0 bytes, interrupt.o(i.SW_IRQHandler))
<BR>[Address Reference Count : 1]<UL><LI> startup_lks32mc07x.o(RESET)
</UL>
<P><STRONG><a name="[28]"></a>SoftDelay</STRONG> (Thumb, 18 bytes, Stack size 8 bytes, hardware_init.o(i.SoftDelay))
<BR><BR>[Stack]<UL><LI>Max Depth = 8<LI>Call Chain = SoftDelay
</UL>
<BR>[Called By]<UL><LI><a href="#[27]">&gt;&gt;</a>&nbsp;&nbsp;&nbsp;Clock_Init
</UL>

<P><STRONG><a name="[5]"></a>SysTick_Handler</STRONG> (Thumb, 2 bytes, Stack size 0 bytes, interrupt.o(i.SysTick_Handler))
<BR>[Address Reference Count : 1]<UL><LI> startup_lks32mc07x.o(RESET)
</UL>
<P><STRONG><a name="[20]"></a>SystemInit</STRONG> (Thumb, 8 bytes, Stack size 4 bytes, hardware_init.o(i.SystemInit))
<BR><BR>[Stack]<UL><LI>Max Depth = 20<LI>Call Chain = SystemInit &rArr; Clock_Init &rArr; SoftDelay
</UL>
<BR>[Calls]<UL><LI><a href="#[27]">&gt;&gt;</a>&nbsp;&nbsp;&nbsp;Clock_Init
</UL>
<BR>[Address Reference Count : 1]<UL><LI> startup_lks32mc07x.o(.text)
</UL>
<P><STRONG><a name="[6]"></a>TIMER0_IRQHandler</STRONG> (Thumb, 12 bytes, Stack size 0 bytes, interrupt.o(i.TIMER0_IRQHandler))
<BR>[Address Reference Count : 1]<UL><LI> startup_lks32mc07x.o(RESET)
</UL>
<P><STRONG><a name="[7]"></a>TIMER1_IRQHandler</STRONG> (Thumb, 2 bytes, Stack size 0 bytes, interrupt.o(i.TIMER1_IRQHandler))
<BR>[Address Reference Count : 1]<UL><LI> startup_lks32mc07x.o(RESET)
</UL>
<P><STRONG><a name="[8]"></a>TIMER2_IRQHandler</STRONG> (Thumb, 2 bytes, Stack size 0 bytes, interrupt.o(i.TIMER2_IRQHandler))
<BR>[Address Reference Count : 1]<UL><LI> startup_lks32mc07x.o(RESET)
</UL>
<P><STRONG><a name="[9]"></a>TIMER3_IRQHandler</STRONG> (Thumb, 2 bytes, Stack size 0 bytes, interrupt.o(i.TIMER3_IRQHandler))
<BR>[Address Reference Count : 1]<UL><LI> startup_lks32mc07x.o(RESET)
</UL>
<P><STRONG><a name="[10]"></a>UART0_IRQHandler</STRONG> (Thumb, 2 bytes, Stack size 0 bytes, interrupt.o(i.UART0_IRQHandler))
<BR>[Address Reference Count : 1]<UL><LI> startup_lks32mc07x.o(RESET)
</UL>
<P><STRONG><a name="[11]"></a>UART1_IRQHandler</STRONG> (Thumb, 28 bytes, Stack size 0 bytes, interrupt.o(i.UART1_IRQHandler))
<BR>[Address Reference Count : 1]<UL><LI> startup_lks32mc07x.o(RESET)
</UL>
<P><STRONG><a name="[1b]"></a>WAKE_IRQHandler</STRONG> (Thumb, 2 bytes, Stack size 0 bytes, interrupt.o(i.WAKE_IRQHandler))
<BR>[Address Reference Count : 1]<UL><LI> startup_lks32mc07x.o(RESET)
</UL>
<P><STRONG><a name="[30]"></a>__scatterload_copy</STRONG> (Thumb, 14 bytes, Stack size unknown bytes, handlers.o(i.__scatterload_copy), UNUSED)

<P><STRONG><a name="[31]"></a>__scatterload_null</STRONG> (Thumb, 2 bytes, Stack size unknown bytes, handlers.o(i.__scatterload_null), UNUSED)

<P><STRONG><a name="[32]"></a>__scatterload_zeroinit</STRONG> (Thumb, 14 bytes, Stack size unknown bytes, handlers.o(i.__scatterload_zeroinit), UNUSED)

<P><STRONG><a name="[1f]"></a>main</STRONG> (Thumb, 4 bytes, Stack size 0 bytes, main.o(i.main))
<BR>[Address Reference Count : 1]<UL><LI> entry9a.o(.ARM.Collect$$$$0000000B)
</UL><P>
<H3>
Local Symbols
</H3><P>
<H3>
Undefined Global Symbols
</H3>
<P><STRONG><a name="[25]"></a>__arm_fini_</STRONG> (Unknown, 0 bytes, Stack size 0 bytes, UNDEFINED)
<BR><BR>[Called By]<UL><LI><a href="#[24]">&gt;&gt;</a>&nbsp;&nbsp;&nbsp;__rt_lib_shutdown_fini
</UL>
<HR></body></html>
